// Jest Snapshot v1, https://goo.gl/fbAQLP

exports[`Support Tests loading support page 1`] = `
<View
  style={
    Object {
      "alignItems": "center",
      "flex": 1,
      "justifyContent": "center",
    }
  }
>
  <Text>
    TODO: Create Support View!
  </Text>
</View>
`;
