// Jest Snapshot v1, https://goo.gl/fbAQLP

exports[`Header Tests loading header page 1`] = `
<View
  style={
    Object {
      "alignItems": "center",
      "flex": 1,
      "justifyContent": "center",
    }
  }
>
  <Text>
    TODO: Create Header Bar
  </Text>
</View>
`;
